// Jest Snapshot v1, https://goo.gl/fbAQLP

exports[`ActiveStorageProvider renders a DirectUploadProvider 1`] = `
<div
  data-component="DirectUploadProvider"
  onSuccess={[Function]}
  origin={
    Object {
      "host": undefined,
      "port": undefined,
      "protocol": undefined,
    }
  }
  render={[Function]}
/>
`;
